Running `./manage.py test` attached to terminal... up, run.1044
Creating test database for alias 'default'...
.................................................................................................................................................s.....................................................................................................................................x.......................................................................................................................................................................................................Installed 0 object(s) from 0 fixture(s)
.Installed 0 object(s) from 0 fixture(s)
.Installed 0 object(s) from 0 fixture(s)
.........
----------------------------------------------------------------------
Ran 490 tests in 26.202s

OK (skipped=1, expected failures=1)
Destroying test database for alias 'default'...

